../Src/LCD_program.c:24:6:_delay_ms	24	static,ignoring_inline_asm
../Src/LCD_program.c:34:6:LCD_voidInit	8	static
../Src/LCD_program.c:158:6:LCD_voidSendCmnd	16	static
../Src/LCD_program.c:186:6:LCD_voidSendChar	16	static
../Src/LCD_program.c:215:6:LCD_voidSendStr	24	static
../Src/LCD_program.c:225:6:LCD_voidSendNum	40	static
../Src/LCD_program.c:249:4:LCD_u8GoToXY	24	static
../Src/LCD_program.c:270:6:LCD_voidClearScreen	8	static
../Src/LCD_program.c:276:4:LCD_u8SendSpecialChar	24	static
../Src/LCD_program.c:306:6:LCD_voidShiftRight	8	static
../Src/LCD_program.c:312:6:LCD_voidShiftLeft	8	static
