../Src/SYSTICK_program.c:15:6:SYSTICK_voidInit	4	static
../Src/SYSTICK_program.c:26:6:SYSTICK_voidEnableTimer	4	static
../Src/SYSTICK_program.c:31:6:SYSTICK_voidDisnableTimer	4	static
../Src/SYSTICK_program.c:36:6:SYSTICK_voidEnableInterrupt	4	static
../Src/SYSTICK_program.c:41:6:SYSTICK_voidDisableInterrupt	4	static
../Src/SYSTICK_program.c:46:4:SYSTICK_u8GetInterruptFlag	16	static
../Src/SYSTICK_program.c:54:6:SYSTICK_voidSetCallBack	16	static
../Src/SYSTICK_program.c:59:6:SYSTICK_voidSetReloadValue	16	static
../Src/SYSTICK_program.c:64:7:SysTick_Handler	8	static
