08:19:08 **** Incremental Build of configuration Debug for project 02_GPIO_TEST ****
make -j4 all 
arm-none-eabi-gcc "../Src/main.c" -mcpu=cortex-m4 -std=gnu11 -g3 -DDEBUG -DSTM32 -DSTM32F3 -DSTM32F303RETx -c -I../Inc -O0 -ffunction-sections -fdata-sections -Wall -fstack-usage -fcyclomatic-complexity -MMD -MP -MF"Src/main.d" -MT"Src/main.o" --specs=nano.specs -mfpu=fpv4-sp-d16 -mfloat-abi=hard -mthumb -o "Src/main.o"
arm-none-eabi-gcc -o "02_GPIO_TEST.elf" @"objects.list"   -mcpu=cortex-m4 -T"E:\Courses\Kerollos\02- ARM\02- ARM\WorkSpace\03-APP\02_GPIO_TEST\STM32F303RETX_FLASH.ld" --specs=nosys.specs -Wl,-Map="02_GPIO_TEST.map" -Wl,--gc-sections -static --specs=nano.specs -mfpu=fpv4-sp-d16 -mfloat-abi=hard -mthumb -Wl,--start-group -lc -lm -Wl,--end-group
Finished building target: 02_GPIO_TEST.elf
 
arm-none-eabi-size   02_GPIO_TEST.elf 
arm-none-eabi-objdump -h -S  02_GPIO_TEST.elf  > "02_GPIO_TEST.list"
   text	   data	    bss	    dec	    hex	filename
   5368	      8	   1568	   6944	   1b20	02_GPIO_TEST.elf
Finished building: default.size.stdout
 
Finished building: 02_GPIO_TEST.list
 

08:19:09 Build Finished. 0 errors, 0 warnings. (took 779ms)

