19:11:03 **** Incremental Build of configuration Debug for project STM32_NTI ****
make -j4 all 
arm-none-eabi-gcc "../COTS/HAL/LCD/LCD_program.c" -mcpu=cortex-m4 -std=gnu11 -g3 -DDEBUG -DSTM32 -DSTM32F3 -DSTM32F303RETx -DNUCLEO_F303RE -c -I../Inc -I"C:/Users/Kirollos/Downloads/STM32_NTI/COTS" -I"C:/Users/Kirollos/Downloads/STM32_NTI/COTS/APP" -I"C:/Users/Kirollos/Downloads/STM32_NTI/COTS/Library" -I"C:/Users/Kirollos/Downloads/STM32_NTI/COTS/MCAL/RCCC" -I"C:/Users/Kirollos/Downloads/STM32_NTI/COTS/MCAL/GPIO" -I"C:/Users/Kirollos/Downloads/STM32_NTI/COTS/HAL/LCD" -O0 -ffunction-sections -fdata-sections -Wall -fstack-usage -fcyclomatic-complexity -MMD -MP -MF"COTS/HAL/LCD/LCD_program.d" -MT"COTS/HAL/LCD/LCD_program.o" --specs=nano.specs -mfpu=fpv4-sp-d16 -mfloat-abi=hard -mthumb -o "COTS/HAL/LCD/LCD_program.o"
../COTS/HAL/LCD/LCD_program.c: In function 'GoToXY':
../COTS/HAL/LCD/LCD_program.c:125:24: warning: operation on 'address' may be undefined [-Wsequence-point]
  125 |                 address=SET_BIT(address,7);
arm-none-eabi-gcc -o "STM32_NTI.elf" @"objects.list"   -mcpu=cortex-m4 -T"C:\Users\Kirollos\Downloads\STM32_NTI\STM32F303RETX_FLASH.ld" --specs=nosys.specs -Wl,-Map="STM32_NTI.map" -Wl,--gc-sections -static --specs=nano.specs -mfpu=fpv4-sp-d16 -mfloat-abi=hard -mthumb -Wl,--start-group -lc -lm -Wl,--end-group
C:/ST/STM32CubeIDE_1.13.1/STM32CubeIDE/plugins/com.st.stm32cube.ide.mcu.externaltools.gnu-tools-for-stm32.11.3.rel1.win32_1.1.0.202305231506/tools/bin/../lib/gcc/arm-none-eabi/11.3.1/../../../../arm-none-eabi/bin/ld.exe: C:/ST/STM32CubeIDE_1.13.1/STM32CubeIDE/plugins/com.st.stm32cube.ide.mcu.externaltools.gnu-tools-for-stm32.11.3.rel1.win32_1.1.0.202305231506/tools/bin/../lib/gcc/arm-none-eabi/11.3.1/../../../../arm-none-eabi/lib/thumb/v7e-m+fp/hard\libc_nano.a(libc_a-closer.o): in function `_close_r':
(.text._close_r+0xc): warning: _close is not implemented and will always fail
C:/ST/STM32CubeIDE_1.13.1/STM32CubeIDE/plugins/com.st.stm32cube.ide.mcu.externaltools.gnu-tools-for-stm32.11.3.rel1.win32_1.1.0.202305231506/tools/bin/../lib/gcc/arm-none-eabi/11.3.1/../../../../arm-none-eabi/bin/ld.exe: C:/ST/STM32CubeIDE_1.13.1/STM32CubeIDE/plugins/com.st.stm32cube.ide.mcu.externaltools.gnu-tools-for-stm32.11.3.rel1.win32_1.1.0.202305231506/tools/bin/../lib/gcc/arm-none-eabi/11.3.1/../../../../arm-none-eabi/lib/thumb/v7e-m+fp/hard\libc_nano.a(libc_a-lseekr.o): in function `_lseek_r':
(.text._lseek_r+0x10): warning: _lseek is not implemented and will always fail
C:/ST/STM32CubeIDE_1.13.1/STM32CubeIDE/plugins/com.st.stm32cube.ide.mcu.externaltools.gnu-tools-for-stm32.11.3.rel1.win32_1.1.0.202305231506/tools/bin/../lib/gcc/arm-none-eabi/11.3.1/../../../../arm-none-eabi/bin/ld.exe: C:/ST/STM32CubeIDE_1.13.1/STM32CubeIDE/plugins/com.st.stm32cube.ide.mcu.externaltools.gnu-tools-for-stm32.11.3.rel1.win32_1.1.0.202305231506/tools/bin/../lib/gcc/arm-none-eabi/11.3.1/../../../../arm-none-eabi/lib/thumb/v7e-m+fp/hard\libc_nano.a(libc_a-readr.o): in function `_read_r':
(.text._read_r+0x10): warning: _read is not implemented and will always fail
C:/ST/STM32CubeIDE_1.13.1/STM32CubeIDE/plugins/com.st.stm32cube.ide.mcu.externaltools.gnu-tools-for-stm32.11.3.rel1.win32_1.1.0.202305231506/tools/bin/../lib/gcc/arm-none-eabi/11.3.1/../../../../arm-none-eabi/bin/ld.exe: C:/ST/STM32CubeIDE_1.13.1/STM32CubeIDE/plugins/com.st.stm32cube.ide.mcu.externaltools.gnu-tools-for-stm32.11.3.rel1.win32_1.1.0.202305231506/tools/bin/../lib/gcc/arm-none-eabi/11.3.1/../../../../arm-none-eabi/lib/thumb/v7e-m+fp/hard\libc_nano.a(libc_a-writer.o): in function `_write_r':
(.text._write_r+0x10): warning: _write is not implemented and will always fail
Finished building target: STM32_NTI.elf
 
arm-none-eabi-size   STM32_NTI.elf 
arm-none-eabi-objdump -h -S  STM32_NTI.elf  > "STM32_NTI.list"
arm-none-eabi-objcopy  -O ihex  STM32_NTI.elf  "STM32_NTI.hex"
   text	   data	    bss	    dec	    hex	filename
   2160	      8	   1568	   3736	    e98	STM32_NTI.elf
Finished building: STM32_NTI.list
Finished building: default.size.stdout
 
Finished building: STM32_NTI.hex
 
 

19:11:04 Build Failed. 4 errors, 5 warnings. (took 1s.583ms)

