Archive member included because of file (symbol)

e:/courses/kerollos/01- avr/00-tools/01-imt sdk/copy of imt_sdk_win_64/imt_sdk_win_64/winavr/bin/../lib/gcc/avr/4.3.3/avr5\libgcc.a(_exit.o)
                              e:/courses/kerollos/01- avr/00-tools/01-imt sdk/copy of imt_sdk_win_64/imt_sdk_win_64/winavr/bin/../lib/gcc/avr/4.3.3/../../../../avr/lib/avr5/crtm32.o (exit)
e:/courses/kerollos/01- avr/00-tools/01-imt sdk/copy of imt_sdk_win_64/imt_sdk_win_64/winavr/bin/../lib/gcc/avr/4.3.3/avr5\libgcc.a(_copy_data.o)
                              ./main.o (__do_copy_data)
e:/courses/kerollos/01- avr/00-tools/01-imt sdk/copy of imt_sdk_win_64/imt_sdk_win_64/winavr/bin/../lib/gcc/avr/4.3.3/avr5\libgcc.a(_clear_bss.o)
                              ./ADC_program.o (__do_clear_bss)

Memory Configuration

Name             Origin             Length             Attributes
text             0x00000000         0x00020000         xr
data             0x00800060         0x0000ffa0         rw !x
eeprom           0x00810000         0x00010000         rw !x
fuse             0x00820000         0x00000400         rw !x
lock             0x00830000         0x00000400         rw !x
signature        0x00840000         0x00000400         rw !x
*default*        0x00000000         0xffffffff

Linker script and memory map

LOAD e:/courses/kerollos/01- avr/00-tools/01-imt sdk/copy of imt_sdk_win_64/imt_sdk_win_64/winavr/bin/../lib/gcc/avr/4.3.3/../../../../avr/lib/avr5/crtm32.o
LOAD ./ADC_program.o
LOAD ./DIO_program.o
LOAD ./GI_program.o
LOAD ./SPI_program.o
LOAD ./TIMERS_program.o
LOAD ./main.o
LOAD e:/courses/kerollos/01- avr/00-tools/01-imt sdk/copy of imt_sdk_win_64/imt_sdk_win_64/winavr/bin/../lib/gcc/avr/4.3.3/avr5\libgcc.a
LOAD e:/courses/kerollos/01- avr/00-tools/01-imt sdk/copy of imt_sdk_win_64/imt_sdk_win_64/winavr/bin/../lib/gcc/avr/4.3.3/../../../../avr/lib/avr5\libc.a
LOAD e:/courses/kerollos/01- avr/00-tools/01-imt sdk/copy of imt_sdk_win_64/imt_sdk_win_64/winavr/bin/../lib/gcc/avr/4.3.3/avr5\libgcc.a

.hash
 *(.hash)

.dynsym
 *(.dynsym)

.dynstr
 *(.dynstr)

.gnu.version
 *(.gnu.version)

.gnu.version_d
 *(.gnu.version_d)

.gnu.version_r
 *(.gnu.version_r)

.rel.init
 *(.rel.init)

.rela.init
 *(.rela.init)

.rel.text
 *(.rel.text)
 *(.rel.text.*)
 *(.rel.gnu.linkonce.t*)

.rela.text
 *(.rela.text)
 *(.rela.text.*)
 *(.rela.gnu.linkonce.t*)

.rel.fini
 *(.rel.fini)

.rela.fini
 *(.rela.fini)

.rel.rodata
 *(.rel.rodata)
 *(.rel.rodata.*)
 *(.rel.gnu.linkonce.r*)

.rela.rodata
 *(.rela.rodata)
 *(.rela.rodata.*)
 *(.rela.gnu.linkonce.r*)

.rel.data
 *(.rel.data)
 *(.rel.data.*)
 *(.rel.gnu.linkonce.d*)

.rela.data
 *(.rela.data)
 *(.rela.data.*)
 *(.rela.gnu.linkonce.d*)

.rel.ctors
 *(.rel.ctors)

.rela.ctors
 *(.rela.ctors)

.rel.dtors
 *(.rel.dtors)

.rela.dtors
 *(.rela.dtors)

.rel.got
 *(.rel.got)

.rela.got
 *(.rela.got)

.rel.bss
 *(.rel.bss)

.rela.bss
 *(.rela.bss)

.rel.plt
 *(.rel.plt)

.rela.plt
 *(.rela.plt)

.text           0x00000000     0x1b70
 *(.vectors)
 .vectors       0x00000000       0x54 e:/courses/kerollos/01- avr/00-tools/01-imt sdk/copy of imt_sdk_win_64/imt_sdk_win_64/winavr/bin/../lib/gcc/avr/4.3.3/../../../../avr/lib/avr5/crtm32.o
                0x00000000                __vectors
                0x00000000                __vector_default
 *(.vectors)
 *(.progmem.gcc*)
 *(.progmem*)
                0x00000054                . = ALIGN (0x2)
                0x00000054                __trampolines_start = .
 *(.trampolines)
 .trampolines   0x00000054        0x0 linker stubs
 *(.trampolines*)
                0x00000054                __trampolines_end = .
 *(.jumptables)
 *(.jumptables*)
 *(.lowtext)
 *(.lowtext*)
                0x00000054                __ctors_start = .
 *(.ctors)
                0x00000054                __ctors_end = .
                0x00000054                __dtors_start = .
 *(.dtors)
                0x00000054                __dtors_end = .
 SORT(*)(.ctors)
 SORT(*)(.dtors)
 *(.init0)
 .init0         0x00000054        0x0 e:/courses/kerollos/01- avr/00-tools/01-imt sdk/copy of imt_sdk_win_64/imt_sdk_win_64/winavr/bin/../lib/gcc/avr/4.3.3/../../../../avr/lib/avr5/crtm32.o
                0x00000054                __init
 *(.init0)
 *(.init1)
 *(.init1)
 *(.init2)
 .init2         0x00000054        0xc e:/courses/kerollos/01- avr/00-tools/01-imt sdk/copy of imt_sdk_win_64/imt_sdk_win_64/winavr/bin/../lib/gcc/avr/4.3.3/../../../../avr/lib/avr5/crtm32.o
 *(.init2)
 *(.init3)
 *(.init3)
 *(.init4)
 .init4         0x00000060       0x16 e:/courses/kerollos/01- avr/00-tools/01-imt sdk/copy of imt_sdk_win_64/imt_sdk_win_64/winavr/bin/../lib/gcc/avr/4.3.3/avr5\libgcc.a(_copy_data.o)
                0x00000060                __do_copy_data
 .init4         0x00000076       0x10 e:/courses/kerollos/01- avr/00-tools/01-imt sdk/copy of imt_sdk_win_64/imt_sdk_win_64/winavr/bin/../lib/gcc/avr/4.3.3/avr5\libgcc.a(_clear_bss.o)
                0x00000076                __do_clear_bss
 *(.init4)
 *(.init5)
 *(.init5)
 *(.init6)
 *(.init6)
 *(.init7)
 *(.init7)
 *(.init8)
 *(.init8)
 *(.init9)
 .init9         0x00000086        0x8 e:/courses/kerollos/01- avr/00-tools/01-imt sdk/copy of imt_sdk_win_64/imt_sdk_win_64/winavr/bin/../lib/gcc/avr/4.3.3/../../../../avr/lib/avr5/crtm32.o
 *(.init9)
 *(.text)
 .text          0x0000008e        0x4 e:/courses/kerollos/01- avr/00-tools/01-imt sdk/copy of imt_sdk_win_64/imt_sdk_win_64/winavr/bin/../lib/gcc/avr/4.3.3/../../../../avr/lib/avr5/crtm32.o
                0x0000008e                __vector_1
                0x0000008e                __vector_12
                0x0000008e                __bad_interrupt
                0x0000008e                __vector_3
                0x0000008e                __vector_13
                0x0000008e                __vector_17
                0x0000008e                __vector_19
                0x0000008e                __vector_5
                0x0000008e                __vector_4
                0x0000008e                __vector_2
                0x0000008e                __vector_15
                0x0000008e                __vector_14
                0x0000008e                __vector_18
                0x0000008e                __vector_20
 .text          0x00000092        0x0 ./ADC_program.o
 .text          0x00000092        0x0 ./DIO_program.o
 .text          0x00000092        0x0 ./GI_program.o
 .text          0x00000092        0x0 ./SPI_program.o
 .text          0x00000092        0x0 ./TIMERS_program.o
 .text          0x00000092        0x0 ./main.o
 .text          0x00000092        0x0 e:/courses/kerollos/01- avr/00-tools/01-imt sdk/copy of imt_sdk_win_64/imt_sdk_win_64/winavr/bin/../lib/gcc/avr/4.3.3/avr5\libgcc.a(_exit.o)
 .text          0x00000092        0x0 e:/courses/kerollos/01- avr/00-tools/01-imt sdk/copy of imt_sdk_win_64/imt_sdk_win_64/winavr/bin/../lib/gcc/avr/4.3.3/avr5\libgcc.a(_copy_data.o)
 .text          0x00000092        0x0 e:/courses/kerollos/01- avr/00-tools/01-imt sdk/copy of imt_sdk_win_64/imt_sdk_win_64/winavr/bin/../lib/gcc/avr/4.3.3/avr5\libgcc.a(_clear_bss.o)
                0x00000092                . = ALIGN (0x2)
 *(.text.*)
 .text.ADC_voidInit
                0x00000092       0x7e ./ADC_program.o
                0x00000092                ADC_voidInit
 .text.ADC_voidEnable
                0x00000110       0x1c ./ADC_program.o
                0x00000110                ADC_voidEnable
 .text.ADC_voidDisable
                0x0000012c       0x1c ./ADC_program.o
                0x0000012c                ADC_voidDisable
 .text.ADC_u8GetDigitalValueSyncNonBlocking
                0x00000148       0xfa ./ADC_program.o
                0x00000148                ADC_u8GetDigitalValueSyncNonBlocking
 .text.ADC_u8GetDigitalValueAsync
                0x00000242       0x8c ./ADC_program.o
                0x00000242                ADC_u8GetDigitalValueAsync
 .text.__vector_16
                0x000002ce       0x82 ./ADC_program.o
                0x000002ce                __vector_16
 .text.DIO_voidInit
                0x00000350       0x46 ./DIO_program.o
                0x00000350                DIO_voidInit
 .text.DIO_u8SetPinDirection
                0x00000396      0x254 ./DIO_program.o
                0x00000396                DIO_u8SetPinDirection
 .text.DIO_u8SetPinValue
                0x000005ea      0x24c ./DIO_program.o
                0x000005ea                DIO_u8SetPinValue
 .text.DIO_u8GetPinValue
                0x00000836      0x17c ./DIO_program.o
                0x00000836                DIO_u8GetPinValue
 .text.DIO_u8SetPortDirection
                0x000009b2      0x13e ./DIO_program.o
                0x000009b2                DIO_u8SetPortDirection
 .text.DIO_u8SetPortValue
                0x00000af0       0x90 ./DIO_program.o
                0x00000af0                DIO_u8SetPortValue
 .text.DIO_u8GetPortValue
                0x00000b80       0xb0 ./DIO_program.o
                0x00000b80                DIO_u8GetPortValue
 .text.DIO_u8TogglePin
                0x00000c30      0x118 ./DIO_program.o
                0x00000c30                DIO_u8TogglePin
 .text.DIO_u8SendMostNebble
                0x00000d48       0xf6 ./DIO_program.o
                0x00000d48                DIO_u8SendMostNebble
 .text.DIO_u8SendLeastNebble
                0x00000e3e       0xf6 ./DIO_program.o
                0x00000e3e                DIO_u8SendLeastNebble
 .text.GI_voidEnable
                0x00000f34       0x1c ./GI_program.o
                0x00000f34                GI_voidEnable
 .text.GI_voidDisable
                0x00000f50       0x1c ./GI_program.o
                0x00000f50                GI_voidDisable
 .text.SPI_voidInit
                0x00000f6c       0x54 ./SPI_program.o
                0x00000f6c                SPI_voidInit
 .text.SPI_u8TransRecieve
                0x00000fc0       0x4e ./SPI_program.o
                0x00000fc0                SPI_u8TransRecieve
 .text.SPI_voidSendSlaveByte
                0x0000100e       0x26 ./SPI_program.o
                0x0000100e                SPI_voidSendSlaveByte
 .text.SPI_u8RecieveByte
                0x00001034       0x42 ./SPI_program.o
                0x00001034                SPI_u8RecieveByte
 .text.TIMERS_voidTimer0Init
                0x00001076       0x46 ./TIMERS_program.o
                0x00001076                TIMERS_voidTimer0Init
 .text.TIMERS_voidTimer1Init
                0x000010bc       0x7e ./TIMERS_program.o
                0x000010bc                TIMERS_voidTimer1Init
 .text.TIMERS_voidTimer0Enable
                0x0000113a       0x2a ./TIMERS_program.o
                0x0000113a                TIMERS_voidTimer0Enable
 .text.TIMERS_voidTimer1Enable
                0x00001164       0x2a ./TIMERS_program.o
                0x00001164                TIMERS_voidTimer1Enable
 .text.TIMERS_voidTimer0Disable
                0x0000118e       0x1c ./TIMERS_program.o
                0x0000118e                TIMERS_voidTimer0Disable
 .text.TIMERS_voidTimer1Disable
                0x000011aa       0x1c ./TIMERS_program.o
                0x000011aa                TIMERS_voidTimer1Disable
 .text.TIMERS_voidTimer0SetPreLoadValue
                0x000011c6       0x1c ./TIMERS_program.o
                0x000011c6                TIMERS_voidTimer0SetPreLoadValue
 .text.TIMERS_voidTimer1SetPreLoadValue
                0x000011e2       0x24 ./TIMERS_program.o
                0x000011e2                TIMERS_voidTimer1SetPreLoadValue
 .text.TIMERS_u8Timer0ReadCounter
                0x00001206       0x14 ./TIMERS_program.o
                0x00001206                TIMERS_u8Timer0ReadCounter
 .text.TIMERS_u16Timer1ReadCounter
                0x0000121a       0x16 ./TIMERS_program.o
                0x0000121a                TIMERS_u16Timer1ReadCounter
 .text.TIMERS_voidTimer0SetCompareMatchValue
                0x00001230       0x1c ./TIMERS_program.o
                0x00001230                TIMERS_voidTimer0SetCompareMatchValue
 .text.TIMERS_voidTimer1SetChannel_ACompareMatchValue
                0x0000124c       0x24 ./TIMERS_program.o
                0x0000124c                TIMERS_voidTimer1SetChannel_ACompareMatchValue
 .text.TIMERS_voidTimer1SetChannel_BCompareMatchValue
                0x00001270       0x24 ./TIMERS_program.o
                0x00001270                TIMERS_voidTimer1SetChannel_BCompareMatchValue
 .text.TIMERS_voidTimer1SetTopValue
                0x00001294       0x24 ./TIMERS_program.o
                0x00001294                TIMERS_voidTimer1SetTopValue
 .text.TIMERS_u16Timer1ReadInputCaptureUnit
                0x000012b8       0x16 ./TIMERS_program.o
                0x000012b8                TIMERS_u16Timer1ReadInputCaptureUnit
 .text.TIMERS_voidTimer0CTCInterruptEnable
                0x000012ce       0x1c ./TIMERS_program.o
                0x000012ce                TIMERS_voidTimer0CTCInterruptEnable
 .text.TIMERS_voidTimer1ChannelA_CTCInterruptEnable
                0x000012ea       0x1c ./TIMERS_program.o
                0x000012ea                TIMERS_voidTimer1ChannelA_CTCInterruptEnable
 .text.TIMERS_voidTimer1ChannelB_CTCInterruptEnable
                0x00001306       0x1c ./TIMERS_program.o
                0x00001306                TIMERS_voidTimer1ChannelB_CTCInterruptEnable
 .text.TIMERS_voidTimer1InputCaptureInterruptEnable
                0x00001322       0x1c ./TIMERS_program.o
                0x00001322                TIMERS_voidTimer1InputCaptureInterruptEnable
 .text.TIMERS_voidTimer0OVFInterruptEnable
                0x0000133e       0x1c ./TIMERS_program.o
                0x0000133e                TIMERS_voidTimer0OVFInterruptEnable
 .text.TIMERS_voidTimer1OVFInterruptEnable
                0x0000135a       0x1c ./TIMERS_program.o
                0x0000135a                TIMERS_voidTimer1OVFInterruptEnable
 .text.TIMERS_voidTimer0CTCInterruptDisable
                0x00001376       0x1c ./TIMERS_program.o
                0x00001376                TIMERS_voidTimer0CTCInterruptDisable
 .text.TIMERS_voidTimer1ChannelA_CTCInterruptDisable
                0x00001392       0x1c ./TIMERS_program.o
                0x00001392                TIMERS_voidTimer1ChannelA_CTCInterruptDisable
 .text.TIMERS_voidTimer1ChannelB_CTCInterruptDisable
                0x000013ae       0x1c ./TIMERS_program.o
                0x000013ae                TIMERS_voidTimer1ChannelB_CTCInterruptDisable
 .text.TIMERS_voidTimer1InputCaptureInterruptDisable
                0x000013ca       0x1c ./TIMERS_program.o
                0x000013ca                TIMERS_voidTimer1InputCaptureInterruptDisable
 .text.TIMERS_voidTimer0OVFInterruptDisable
                0x000013e6       0x1c ./TIMERS_program.o
                0x000013e6                TIMERS_voidTimer0OVFInterruptDisable
 .text.TIMERS_voidTimer1OVFInterruptDisable
                0x00001402       0x1c ./TIMERS_program.o
                0x00001402                TIMERS_voidTimer1OVFInterruptDisable
 .text.TIMERS_u8Timer0ReadOVFFlag
                0x0000141e       0x1e ./TIMERS_program.o
                0x0000141e                TIMERS_u8Timer0ReadOVFFlag
 .text.TIMERS_u8Timer1ReadOVFFlag
                0x0000143c       0x22 ./TIMERS_program.o
                0x0000143c                TIMERS_u8Timer1ReadOVFFlag
 .text.TIMERS_u8Timer0ReadCTCFlag
                0x0000145e       0x20 ./TIMERS_program.o
                0x0000145e                TIMERS_u8Timer0ReadCTCFlag
 .text.TIMERS_u8Timer1ReadChannelB_CTCFlag
                0x0000147e       0x24 ./TIMERS_program.o
                0x0000147e                TIMERS_u8Timer1ReadChannelB_CTCFlag
 .text.TIMERS_u8Timer1ReadChannelA_CTCFlag
                0x000014a2       0x22 ./TIMERS_program.o
                0x000014a2                TIMERS_u8Timer1ReadChannelA_CTCFlag
 .text.TIMERS_u8Timer1ReadInputCaptureFlag
                0x000014c4       0x24 ./TIMERS_program.o
                0x000014c4                TIMERS_u8Timer1ReadInputCaptureFlag
 .text.TIMERS_voidTimer0ClearOVFFlag
                0x000014e8       0x1c ./TIMERS_program.o
                0x000014e8                TIMERS_voidTimer0ClearOVFFlag
 .text.TIMERS_voidTimer1ClearOVFFlag
                0x00001504       0x1c ./TIMERS_program.o
                0x00001504                TIMERS_voidTimer1ClearOVFFlag
 .text.TIMERS_voidTimer0ClearCTCFlag
                0x00001520       0x1c ./TIMERS_program.o
                0x00001520                TIMERS_voidTimer0ClearCTCFlag
 .text.TIMERS_voidTimer1ClearChannelB_CTCFlag
                0x0000153c       0x1c ./TIMERS_program.o
                0x0000153c                TIMERS_voidTimer1ClearChannelB_CTCFlag
 .text.TIMERS_voidTimer1ClearChannelA_CTCFlag
                0x00001558       0x1c ./TIMERS_program.o
                0x00001558                TIMERS_voidTimer1ClearChannelA_CTCFlag
 .text.TIMERS_voidTimer1ClearInputCaptureFlag
                0x00001574       0x1c ./TIMERS_program.o
                0x00001574                TIMERS_voidTimer1ClearInputCaptureFlag
 .text.TIMERS_u8Timer0OVFSetCallBack
                0x00001590       0x3a ./TIMERS_program.o
                0x00001590                TIMERS_u8Timer0OVFSetCallBack
 .text.TIMERS_u8Timer1OVFSetCallBack
                0x000015ca       0x3a ./TIMERS_program.o
                0x000015ca                TIMERS_u8Timer1OVFSetCallBack
 .text.TIMERS_u8Timer0CTCSetCallBack
                0x00001604       0x3a ./TIMERS_program.o
                0x00001604                TIMERS_u8Timer0CTCSetCallBack
 .text.TIMERS_u8Timer1ChannelA_CTCSetCallBack
                0x0000163e       0x3a ./TIMERS_program.o
                0x0000163e                TIMERS_u8Timer1ChannelA_CTCSetCallBack
 .text.TIMERS_u8Timer1ChannelB_CTCSetCallBack
                0x00001678       0x3a ./TIMERS_program.o
                0x00001678                TIMERS_u8Timer1ChannelB_CTCSetCallBack
 .text.TIMERS_u8Timer1InputCaptureSetCallBack
                0x000016b2       0x3a ./TIMERS_program.o
                0x000016b2                TIMERS_u8Timer1InputCaptureSetCallBack
 .text.__vector_6
                0x000016ec       0x66 ./TIMERS_program.o
                0x000016ec                __vector_6
 .text.__vector_7
                0x00001752       0x66 ./TIMERS_program.o
                0x00001752                __vector_7
 .text.__vector_8
                0x000017b8       0x66 ./TIMERS_program.o
                0x000017b8                __vector_8
 .text.__vector_9
                0x0000181e       0x66 ./TIMERS_program.o
                0x0000181e                __vector_9
 .text.__vector_10
                0x00001884       0x66 ./TIMERS_program.o
                0x00001884                __vector_10
 .text.__vector_11
                0x000018ea       0x66 ./TIMERS_program.o
                0x000018ea                __vector_11
 .text.main     0x00001950      0x15a ./main.o
                0x00001950                main
 .text.ReadTempratureSensor
                0x00001aaa       0xc2 ./main.o
                0x00001aaa                ReadTempratureSensor
 .text.libgcc   0x00001b6c        0x0 e:/courses/kerollos/01- avr/00-tools/01-imt sdk/copy of imt_sdk_win_64/imt_sdk_win_64/winavr/bin/../lib/gcc/avr/4.3.3/avr5\libgcc.a(_exit.o)
 .text.libgcc   0x00001b6c        0x0 e:/courses/kerollos/01- avr/00-tools/01-imt sdk/copy of imt_sdk_win_64/imt_sdk_win_64/winavr/bin/../lib/gcc/avr/4.3.3/avr5\libgcc.a(_copy_data.o)
 .text.libgcc   0x00001b6c        0x0 e:/courses/kerollos/01- avr/00-tools/01-imt sdk/copy of imt_sdk_win_64/imt_sdk_win_64/winavr/bin/../lib/gcc/avr/4.3.3/avr5\libgcc.a(_clear_bss.o)
                0x00001b6c                . = ALIGN (0x2)
 *(.fini9)
 .fini9         0x00001b6c        0x0 e:/courses/kerollos/01- avr/00-tools/01-imt sdk/copy of imt_sdk_win_64/imt_sdk_win_64/winavr/bin/../lib/gcc/avr/4.3.3/avr5\libgcc.a(_exit.o)
                0x00001b6c                exit
                0x00001b6c                _exit
 *(.fini9)
 *(.fini8)
 *(.fini8)
 *(.fini7)
 *(.fini7)
 *(.fini6)
 *(.fini6)
 *(.fini5)
 *(.fini5)
 *(.fini4)
 *(.fini4)
 *(.fini3)
 *(.fini3)
 *(.fini2)
 *(.fini2)
 *(.fini1)
 *(.fini1)
 *(.fini0)
 .fini0         0x00001b6c        0x4 e:/courses/kerollos/01- avr/00-tools/01-imt sdk/copy of imt_sdk_win_64/imt_sdk_win_64/winavr/bin/../lib/gcc/avr/4.3.3/avr5\libgcc.a(_exit.o)
 *(.fini0)
                0x00001b70                _etext = .

.data           0x00800060        0x2 load address 0x00001b70
                0x00800060                PROVIDE (__data_start, .)
 *(.data)
 .data          0x00800060        0x0 e:/courses/kerollos/01- avr/00-tools/01-imt sdk/copy of imt_sdk_win_64/imt_sdk_win_64/winavr/bin/../lib/gcc/avr/4.3.3/../../../../avr/lib/avr5/crtm32.o
 .data          0x00800060        0x0 ./ADC_program.o
 .data          0x00800060        0x0 ./DIO_program.o
 .data          0x00800060        0x0 ./GI_program.o
 .data          0x00800060        0x0 ./SPI_program.o
 .data          0x00800060        0x0 ./TIMERS_program.o
 .data          0x00800060        0x0 ./main.o
 .data          0x00800060        0x0 e:/courses/kerollos/01- avr/00-tools/01-imt sdk/copy of imt_sdk_win_64/imt_sdk_win_64/winavr/bin/../lib/gcc/avr/4.3.3/avr5\libgcc.a(_exit.o)
 .data          0x00800060        0x0 e:/courses/kerollos/01- avr/00-tools/01-imt sdk/copy of imt_sdk_win_64/imt_sdk_win_64/winavr/bin/../lib/gcc/avr/4.3.3/avr5\libgcc.a(_copy_data.o)
 .data          0x00800060        0x0 e:/courses/kerollos/01- avr/00-tools/01-imt sdk/copy of imt_sdk_win_64/imt_sdk_win_64/winavr/bin/../lib/gcc/avr/4.3.3/avr5\libgcc.a(_clear_bss.o)
 *(.data*)
 .data.TempatureRequiredValue
                0x00800060        0x1 ./main.o
 *(.rodata)
 *(.rodata*)
 *(.gnu.linkonce.d*)
                0x00800062                . = ALIGN (0x2)
 *fill*         0x00800061        0x1 00
                0x00800062                _edata = .
                0x00800062                PROVIDE (__data_end, .)

.bss            0x00800062       0x15
                0x00800062                PROVIDE (__bss_start, .)
 *(.bss)
 .bss           0x00800062        0x0 e:/courses/kerollos/01- avr/00-tools/01-imt sdk/copy of imt_sdk_win_64/imt_sdk_win_64/winavr/bin/../lib/gcc/avr/4.3.3/../../../../avr/lib/avr5/crtm32.o
 .bss           0x00800062        0x0 ./ADC_program.o
 .bss           0x00800062        0x0 ./DIO_program.o
 .bss           0x00800062        0x0 ./GI_program.o
 .bss           0x00800062        0x0 ./SPI_program.o
 .bss           0x00800062        0x0 ./TIMERS_program.o
 .bss           0x00800062        0x0 ./main.o
 .bss           0x00800062        0x0 e:/courses/kerollos/01- avr/00-tools/01-imt sdk/copy of imt_sdk_win_64/imt_sdk_win_64/winavr/bin/../lib/gcc/avr/4.3.3/avr5\libgcc.a(_exit.o)
 .bss           0x00800062        0x0 e:/courses/kerollos/01- avr/00-tools/01-imt sdk/copy of imt_sdk_win_64/imt_sdk_win_64/winavr/bin/../lib/gcc/avr/4.3.3/avr5\libgcc.a(_copy_data.o)
 .bss           0x00800062        0x0 e:/courses/kerollos/01- avr/00-tools/01-imt sdk/copy of imt_sdk_win_64/imt_sdk_win_64/winavr/bin/../lib/gcc/avr/4.3.3/avr5\libgcc.a(_clear_bss.o)
 *(.bss*)
 .bss.ADC_pfNotification
                0x00800062        0x2 ./ADC_program.o
 .bss.ADC_u8BusyFlag
                0x00800064        0x1 ./ADC_program.o
 .bss.TIMERS_pfTimer0OVF
                0x00800065        0x2 ./TIMERS_program.o
 .bss.TIMERS_pfTimer1OVF
                0x00800067        0x2 ./TIMERS_program.o
 .bss.TIMERS_pfTimer0CTC
                0x00800069        0x2 ./TIMERS_program.o
 .bss.TIMERS_pfTimer1CannelA_CTC
                0x0080006b        0x2 ./TIMERS_program.o
 .bss.TIMERS_pfTimer1CannelB_CTC
                0x0080006d        0x2 ./TIMERS_program.o
 .bss.TIMERS_pfTimer1InputCapture
                0x0080006f        0x2 ./TIMERS_program.o
 .bss.Counter   0x00800071        0x1 ./main.o
 .bss.AirConditionPowerStatus
                0x00800072        0x1 ./main.o
 .bss.DigitalValue
                0x00800073        0x2 ./main.o
 .bss.TempratureSensorReading
                0x00800075        0x2 ./main.o
 *(COMMON)
                0x00800077                PROVIDE (__bss_end, .)
                0x00001b70                __data_load_start = LOADADDR (.data)
                0x00001b72                __data_load_end = (__data_load_start + SIZEOF (.data))

.noinit         0x00800077        0x0
                0x00800077                PROVIDE (__noinit_start, .)
 *(.noinit*)
                0x00800077                PROVIDE (__noinit_end, .)
                0x00800077                _end = .
                0x00800077                PROVIDE (__heap_start, .)

.eeprom         0x00810000        0x0
 *(.eeprom*)
                0x00810000                __eeprom_end = .

.fuse
 *(.fuse)
 *(.lfuse)
 *(.hfuse)
 *(.efuse)

.lock
 *(.lock*)

.signature
 *(.signature*)

.stab           0x00000000     0x2790
 *(.stab)
 .stab          0x00000000      0x498 ./ADC_program.o
 .stab          0x00000498      0xad4 ./DIO_program.o
                                0xb4c (size before relaxing)
 .stab          0x00000f6c      0x144 ./GI_program.o
                                0x1bc (size before relaxing)
 .stab          0x000010b0      0x2dc ./SPI_program.o
                                0x354 (size before relaxing)
 .stab          0x0000138c      0xf3c ./TIMERS_program.o
                                0xfb4 (size before relaxing)
 .stab          0x000022c8      0x4c8 ./main.o
                                0x540 (size before relaxing)

.stabstr        0x00000000     0x15e5
 *(.stabstr)
 .stabstr       0x00000000     0x15e5 ./ADC_program.o

.stab.excl
 *(.stab.excl)

.stab.exclstr
 *(.stab.exclstr)

.stab.index
 *(.stab.index)

.stab.indexstr
 *(.stab.indexstr)

.comment
 *(.comment)

.debug
 *(.debug)

.line
 *(.line)

.debug_srcinfo
 *(.debug_srcinfo)

.debug_sfnames
 *(.debug_sfnames)

.debug_aranges
 *(.debug_aranges)

.debug_pubnames
 *(.debug_pubnames)

.debug_info
 *(.debug_info)
 *(.gnu.linkonce.wi.*)

.debug_abbrev
 *(.debug_abbrev)

.debug_line
 *(.debug_line)

.debug_frame
 *(.debug_frame)

.debug_str
 *(.debug_str)

.debug_loc
 *(.debug_loc)

.debug_macinfo
 *(.debug_macinfo)
OUTPUT(45_Smart_Home_Slave.elf elf32-avr)
LOAD linker stubs
